// Jest Snapshot v1, https://goo.gl/fbAQLP

exports[`スタイルの変更を検出 Gameコンポーネントのスタイルがスナップショットと一致するか 1`] = `
<div>
  <div
    class="sc-jrAGKZ dZxmGL"
  >
    <div
      class="sc-kEjbdu cVNVdt"
    >
      <div
        class="sc-iqHXzD bpnbQh"
      >
        NS-TYPING
      </div>
    </div>
    <div
      class="sc-crrtmM hILKaI"
    >
      <div
        class="sc-dQpIV SHa-dk"
      >
        <div
          class="sc-fodVRF bykgou"
        >
          表示された数字または記号のキーを押してください
        </div>
        <div
          class="sc-fFubCH fXVjJi"
        >
          %
        </div>
        <div
          class="sc-bkzXAi hWJDuM"
        >
          問題数: 
          0
          <br />
          <br />
          <br />
          正解数: 
          0
        </div>
      </div>
      <div
        class="sc-bqyKbq cYAASX"
      >
        <div
          class="sc-kstpWv lkUoma"
        >
          <div
            class="sc-hBEZvw DYxTc"
          >
            タイトルに戻る
          </div>
        </div>
      </div>
    </div>
  </div>
</div>
`;

exports[`スタイルの変更を検出 Resultコンポーネントのスタイルがスナップショットと一致するか 1`] = `
<div>
  <div
    class="sc-idOjMB iXirUf"
  >
    <div
      class="sc-dIUfKc gdNYVY"
    >
      <div
        class="sc-hHftZz fwkFLN"
      >
        NS-TYPING
      </div>
    </div>
    <div
      class="sc-dmlpXa jkUzfL"
    >
      <div
        class="sc-kfzCjt jGdVte"
      />
    </div>
  </div>
</div>
`;

exports[`スタイルの変更を検出 Startコンポーネントのスタイルがスナップショットと一致するか 1`] = `
<div>
  <div
    class="sc-bdfCDU mZNAa"
  >
    <div
      class="sc-gsTDqH jLtTnb"
    >
      <div
        class="sc-dlfmHC gyNXDn"
        data-testid="title-label"
      >
        NS-TYPING
      </div>
    </div>
    <div
      class="sc-hKgKIp kDulAR"
    >
      <div
        class="sc-eCstZk dwuufg"
      />
      <div
        class="sc-jSguLX ckUHVo"
        data-testid="subtitle-text"
      >
        NS-TYPING
        <br />
      </div>
      <div
        class="sc-gKsecS gYhtoG"
      >
        数字・記号専用のタイピング練習ゲーム
        <br />
      </div>
      <div
        class="sc-iBPTVF bzMfTy"
      >
        <div
          class="sc-fubDmA fyDjHB"
        >
           
          <div
            class="sc-pGaPU bpblVh"
          >
            プレイする
          </div>
        </div>
      </div>
    </div>
  </div>
</div>
`;
